// Jest Snapshot v1, https://goo.gl/fbAQLP

exports[`NavBar renders correctly 1`] = `
Object {
  "asFragment": [Function],
  "baseElement": <body>
    <div>
      <nav
        class="flex justify-between px-4 pt-4  pb-2 border-b-2 mt-2 shadow"
      >
        <ul
          class="flex space-x-2"
        >
          <li
            class="border-b-4"
          >
            <a
              data-testid="home-lnk"
              href="/"
            >
              Home
            </a>
          </li>
          <li
            class=""
          >
            <a
              data-testid="leaderboard-lnk"
              href="/leaderboard"
            >
              Leader board
            </a>
          </li>
          <li
            class=""
          >
            <a
              data-testid="add-lnk"
              href="/add"
            >
              New
            </a>
          </li>
        </ul>
        <ul
          class="flex space-x-2 justify-items-end"
        >
          <li />
          <li>
            <div
              class="flex"
            >
              <img
                alt="Sarah Edo"
                class="w-8 h-8 rounded-full mr-2"
                src="https://api.dicebear.com/5.x/avataaars/svg?seed=sarahedo&style=circle"
              />
              Sarah Edo
            </div>
          </li>
          <li>
            <div
              class="cursor-pointer"
              data-testid="logout-btn"
            >
              Logout
            </div>
          </li>
        </ul>
      </nav>
    </div>
  </body>,
  "container": <div>
    <nav
      class="flex justify-between px-4 pt-4  pb-2 border-b-2 mt-2 shadow"
    >
      <ul
        class="flex space-x-2"
      >
        <li
          class="border-b-4"
        >
          <a
            data-testid="home-lnk"
            href="/"
          >
            Home
          </a>
        </li>
        <li
          class=""
        >
          <a
            data-testid="leaderboard-lnk"
            href="/leaderboard"
          >
            Leader board
          </a>
        </li>
        <li
          class=""
        >
          <a
            data-testid="add-lnk"
            href="/add"
          >
            New
          </a>
        </li>
      </ul>
      <ul
        class="flex space-x-2 justify-items-end"
      >
        <li />
        <li>
          <div
            class="flex"
          >
            <img
              alt="Sarah Edo"
              class="w-8 h-8 rounded-full mr-2"
              src="https://api.dicebear.com/5.x/avataaars/svg?seed=sarahedo&style=circle"
            />
            Sarah Edo
          </div>
        </li>
        <li>
          <div
            class="cursor-pointer"
            data-testid="logout-btn"
          >
            Logout
          </div>
        </li>
      </ul>
    </nav>
  </div>,
  "debug": [Function],
  "findAllByAltText": [Function],
  "findAllByDisplayValue": [Function],
  "findAllByLabelText": [Function],
  "findAllByPlaceholderText": [Function],
  "findAllByRole": [Function],
  "findAllByTestId": [Function],
  "findAllByText": [Function],
  "findAllByTitle": [Function],
  "findByAltText": [Function],
  "findByDisplayValue": [Function],
  "findByLabelText": [Function],
  "findByPlaceholderText": [Function],
  "findByRole": [Function],
  "findByTestId": [Function],
  "findByText": [Function],
  "findByTitle": [Function],
  "getAllByAltText": [Function],
  "getAllByDisplayValue": [Function],
  "getAllByLabelText": [Function],
  "getAllByPlaceholderText": [Function],
  "getAllByRole": [Function],
  "getAllByTestId": [Function],
  "getAllByText": [Function],
  "getAllByTitle": [Function],
  "getByAltText": [Function],
  "getByDisplayValue": [Function],
  "getByLabelText": [Function],
  "getByPlaceholderText": [Function],
  "getByRole": [Function],
  "getByTestId": [Function],
  "getByText": [Function],
  "getByTitle": [Function],
  "queryAllByAltText": [Function],
  "queryAllByDisplayValue": [Function],
  "queryAllByLabelText": [Function],
  "queryAllByPlaceholderText": [Function],
  "queryAllByRole": [Function],
  "queryAllByTestId": [Function],
  "queryAllByText": [Function],
  "queryAllByTitle": [Function],
  "queryByAltText": [Function],
  "queryByDisplayValue": [Function],
  "queryByLabelText": [Function],
  "queryByPlaceholderText": [Function],
  "queryByRole": [Function],
  "queryByTestId": [Function],
  "queryByText": [Function],
  "queryByTitle": [Function],
  "rerender": [Function],
  "unmount": [Function],
}
`;
